// Jest Snapshot v1, https://goo.gl/fbAQLP

exports[`Test AttemptsDataTable Component should render correctly with required props 1`] = `
<div
  className="row"
>
  <div
    className="col-md-12"
  >
    <h4
      className="text-left"
    >
      Historical Results 
      <small>
        (latest on top)
      </small>
    </h4>
    <Component
      tableData={
        Object {
          "header": Array [
            "#",
            "Date and time of play",
            "Score",
            "Total Questions",
          ],
          "rows": Array [
            Array [
              "1",
              "Sat, 09 Oct 2021 15:07:07 GMT",
              "3",
              "3",
            ],
            Array [
              "2",
              "Sat, 09 Oct 2021 15:37:07 GMT",
              "1",
              "3",
            ],
          ],
        }
      }
    />
  </div>
</div>
`;
