// Jest Snapshot v1, https://goo.gl/fbAQLP

exports[`Test Button Component should render correctly with required props 1`] = `
<button
  className="btn btn-primary"
  onClick={[MockFunction]}
  type="button"
  value="Test Button"
>
  Test Button
</button>
`;
